ivt.cs
Binding/AbstractLookupSymbolsInfo.cs
CaseInsensitiveComparison.cs
CodeAnalysisResources.Designer.cs
CodeGen/ArrayMembers.cs
CodeGen/BasicBlock.cs
CodeGen/CompilationTestData.cs
CodeGen/DebugDocumentProvider.cs
CodeGen/EmitState.cs
CodeGen/EncLocalSlotManager.cs
CodeGen/ExternNamespace.cs
CodeGen/FullLocalSlotManager.cs
CodeGen/ILBuilder.cs
CodeGen/ILBuilderConversions.cs
CodeGen/ILBuilderEmit.cs
CodeGen/ILOpCode.cs
CodeGen/ILOpCodeExtensions.cs
CodeGen/ITokenDeferral.cs
CodeGen/LabelInfo.cs
CodeGen/LocalConstantDefinition.cs
CodeGen/LocalDefinition.cs
CodeGen/LocalScope.cs
CodeGen/LocalScopeManager.cs
CodeGen/LocalSlotManager.cs
CodeGen/MetadataConstant.cs
CodeGen/MetadataCreateArray.cs
CodeGen/MetadataNamedArgument.cs
CodeGen/MetadataTypeOf.cs
CodeGen/MethodBody.cs
CodeGen/NamespaceScope.cs
CodeGen/PermissionSetAttribute.cs
CodeGen/PrivateImplementationDetails.cs
CodeGen/RawSequencePoint.cs
CodeGen/ReferenceDependencyWalker.cs
CodeGen/ScopeType.cs
CodeGen/SequencePointList.cs
CodeGen/StringTokenMap.cs
CodeGen/SwitchIntegralJumpTableEmitter.cs
CodeGen/SwitchIntegralJumpTableEmitter.SwitchBucket.cs
CodeGen/SwitchStringJumpTableEmitter.cs
CodeGen/TokenMap.cs
CodeGen/UsedNamespaceOrType.cs
CodeGen/Win32Res.cs
Collections/ArrayBuilder.ArrayBuilderEnumerator.cs
Collections/ArrayBuilder.cs
Collections/ArrayBuilderExtensions.cs
Collections/ArrayElement.cs
Collections/BitArray.cs
Collections/ByteSequenceComparer.cs
Collections/CachingDictionary.cs
Collections/CachingFactory.cs
Collections/ConcurrentCache.cs
Collections/ConsListExtensions.cs
Collections/EnumerableExtensions.cs
Collections/Grouping.cs
Collections/HashSetExtensions.cs
Collections/IdentifierCollection.Collection.cs
Collections/IdentifierCollection.cs
Collections/ImmutableArrayExtensions.cs
Collections/ImmutableMemoryStream.cs
Collections/KeyedStack.cs
Collections/OrderPreservingMultiDictionary.cs
Collections/PooledDictionary.cs
Collections/PooledHashSet.cs
Collections/PooledStringBuilder.cs
Collections/SmallConcurrentSetOfInts.cs
Collections/SmallDictionary.cs
Collections/UnionCollection.cs
CommonLock.cs
Compilation/CandidateReason.cs
Compilation/CommonMemberResolutionKind.cs
Compilation/CommonMemberResolutionResult.cs
Compilation/CommonOverloadResolutionResult.cs
Compilation/Compilation.cs
Compilation/CompilationOptions.cs
Compilation/CompilationStage.cs
Compilation/ControlFlowAnalysis.cs
Compilation/DataFlowAnalysis.cs
Compilation/DebugInformationKind.cs
Compilation/EmitResult.cs
Compilation/Extensions.cs
Compilation/FileResolver.cs
Compilation/ParseOptions.cs
Compilation/Platform.cs
Compilation/PreprocessingSymbolInfo.cs
Compilation/SemanticModel.cs
Compilation/SpeculativeBindingOption.cs
Compilation/SubsystemVersion.cs
Compilation/SymbolInfo.cs
Compilation/TypeInfo.cs
ConstantValue.cs
ConstantValueSpecialized.cs
CryptographicHashProvider.cs
CvtRes.cs
DiagnosticAnalyzer/AnalyzerDriver.cs
DiagnosticAnalyzer/DiagnosticAnalyzerAttribute.cs
DiagnosticAnalyzer/ICodeBlockEndedAnalyzer.cs
DiagnosticAnalyzer/ICodeBlockStartedAnalyzer.cs
DiagnosticAnalyzer/ICompilationEndedAnalyzer.cs
DiagnosticAnalyzer/ICompilationStartedAnalyzer.cs
DiagnosticAnalyzer/ICompilationUnitAnalyzer.cs
DiagnosticAnalyzer/IDiagnosticAnalyzer.cs
DiagnosticAnalyzer/ISymbolAnalyzer.cs
DiagnosticAnalyzer/ISyntaxTreeAnalyzer.cs
DiagnosticAnalyzer/ISyntaxNodeAnalyzer.cs
Diagnostic/CommonDiagnosticComparer.cs
Diagnostic/DiagnosticFormatter.cs
Diagnostic/CommonMessageProvider.cs
Diagnostic/Diagnostic.cs
Diagnostic/Diagnostic_SimpleDiagnostic.cs
Diagnostic/DiagnosticBag.cs
Diagnostic/DiagnosticDescriptor.cs
Diagnostic/DiagnosticInfo.cs
Diagnostic/DiagnosticSeverity.cs
Diagnostic/DiagnosticWithInfo.cs
Diagnostic/FileLinePositionSpan.cs
Diagnostic/IMessageSerializable.cs
Diagnostic/Location.cs
Diagnostic/LocationKind.cs
Diagnostic/MetadataLocation.cs
Diagnostic/NoLocation.cs
Diagnostic/ReportDiagnostic.cs
Diagnostic/SerializedLocation.cs
Diagnostic/SourceLocation.cs
Diagnostic/XmlLocation.cs
DiagnosticAnalyzer/AsyncQueue.cs
DiagnosticAnalyzer/SuppressMessageAttributeState.cs
DiagnosticAnalyzer/SuppressMessageAttributeState.TargetSymbolResolver.cs
DiagnosticAnalyzer/SuppressMessageAttributeState.WarningStateMap.cs
DocumentationComments/DocumentationCommentIncludeCache.cs
DocumentationComments/DocumentationProvider.cs
DocumentationComments/DocumentationProvider.NullDocumentationProvider.cs
DocumentationComments/XmlDocumentationCommentTextReader.cs
DocumentationComments/XmlDocumentationCommentTextReader.XmlStream.cs
DocumentationMode.cs
Emit/AnonymousTypeKey.cs
Emit/AnonymousTypeValue.cs
Emit/Context.cs
Emit/DefinitionMap.cs
Emit/EmitBaseline.cs
Emit/EncLocalInfo.cs
Emit/ErrorType.cs
Emit/ModulePropertiesForSerialization.cs
Emit/NoPia/CommonEmbeddedEvent.cs
Emit/NoPia/CommonEmbeddedField.cs
Emit/NoPia/CommonEmbeddedMember.cs
Emit/NoPia/CommonEmbeddedMethod.cs
Emit/NoPia/CommonEmbeddedParameter.cs
Emit/NoPia/CommonEmbeddedProperty.cs
Emit/NoPia/CommonEmbeddedType.cs
Emit/NoPia/CommonEmbeddedTypeParameter.cs
Emit/NoPia/EmbeddedTypesManager.cs
Emit/NoPia/VtblGap.cs
Emit/PEModuleBuilder.cs
Emit/SemanticEdit.cs
Emit/SymbolChanges.cs
EnumConstantHelper.cs
Instrumentation/FunctionId.cs
Instrumentation/Logger.cs
Instrumentation/PerformanceGoals.cs
Instrumentation/RoslynCompilerEventSource.cs
Instrumentation/TouchedFileLogger.cs
InternalUtilities/ArrayExtensions.cs
InternalUtilities/BitArithmeticUtilities.cs
InternalUtilities/CompilerFatalError.cs
InternalUtilities/CompilerPathUtilities.cs
InternalUtilities/ComStreamWrapper.cs
InternalUtilities/ConcurrentDictionaryExtensions.cs
InternalUtilities/ConcurrentLruCache.cs
InternalUtilities/ConcurrentSet.cs
InternalUtilities/ConsList`1.cs
InternalUtilities/DebuggerUtilities.cs
InternalUtilities/DecimalUtilities.cs
InternalUtilities/DocumentationCommentXmlNames.cs
InternalUtilities/EnumerableExtensions.ComparisonComparer.cs
InternalUtilities/EnumerableExtensions.cs
InternalUtilities/EnumField.cs
InternalUtilities/EnumUtilties.cs
InternalUtilities/ExceptionUtilities.cs
InternalUtilities/HashFunctions.cs
InternalUtilities/ImmutableListExtensions.cs
InternalUtilities/ImmutableSetWithInsertionOrder`1.cs
InternalUtilities/ISetExtensions.cs
InternalUtilities/KeyValuePair.cs
InternalUtilities/MultiDictionary.cs
InternalUtilities/ObjectPool`1.cs
InternalUtilities/OneOrMany.cs
InternalUtilities/PathKind.cs
InternalUtilities/PathUtilities.cs
InternalUtilities/ReaderWriterLockSlimExtensions.cs
InternalUtilities/ReadOnlyUnmanagedMemoryStream.cs
InternalUtilities/ReferenceEqualityComparer.cs
InternalUtilities/SpecializedCollections.cs
InternalUtilities/SpecializedCollections.Empty.Array.cs
InternalUtilities/SpecializedCollections.Empty.Collection.cs
InternalUtilities/SpecializedCollections.Empty.cs
InternalUtilities/SpecializedCollections.Empty.Dictionary.cs
InternalUtilities/SpecializedCollections.Empty.Enumerable.cs
InternalUtilities/SpecializedCollections.Empty.Enumerator.cs
InternalUtilities/SpecializedCollections.Empty.Enumerator`1.cs
InternalUtilities/SpecializedCollections.Empty.List.cs
InternalUtilities/SpecializedCollections.Empty.Set.cs
InternalUtilities/SpecializedCollections.ReadOnly.Collection.cs
InternalUtilities/SpecializedCollections.ReadOnly.Enumerable`1.cs
InternalUtilities/SpecializedCollections.ReadOnly.Enumerable`2.cs
InternalUtilities/SpecializedCollections.ReadOnly.Set.cs
InternalUtilities/SpecializedCollections.Singleton.Collection`1.cs
InternalUtilities/SpecializedCollections.Singleton.Enumerator`1.cs
InternalUtilities/StringExtensions.cs
InternalUtilities/StringTable.cs
InternalUtilities/SuppressUnmanagedCodeSecurityAttribute.cs
InternalUtilities/TextChangeRangeExtensions.cs
InternalUtilities/TextKeyedCache.cs
InternalUtilities/ThreadSafeFlagOperations.cs
InternalUtilities/ThreeState.cs
InternalUtilities/Union`2.cs
InternalUtilities/Union`3.cs
InternalUtilities/ValueTuple.cs
InternalUtilities/ValueTuple`2.cs
InternalUtilities/ValueTuple`3.cs
InternalUtilities/WeakList.cs
InternalUtilities/WeakReferenceExtensions.cs
InternalUtilities/XmlUtilities.cs
MemberDescriptor.cs
MetadataReader/EmbeddedResource.cs
MetadataReader/MetadataDecoder.cs
MetadataReader/MetadataHelpers.cs
MetadataReader/MetadataImportOptions.cs
MetadataReader/MetadataTypeCodeExtensions.cs
MetadataReader/MetadataTypeName.cs
MetadataReader/MetadataTypeName.Key.cs
MetadataReader/ModuleExtensions.cs
MetadataReader/PEAssembly.cs
MetadataReader/PEModule.cs
MetadataReader/TypeAttributesExtensions.cs
MetadataReader/UnsupportedSignatureContent.cs
MetadataReference/AssemblyIdentity.cs
MetadataReference/AssemblyIdentity.DisplayName.cs
MetadataReference/AssemblyIdentityComparer.cs
MetadataReference/AssemblyIdentityParts.cs
MetadataReference/AssemblyMetadata.cs
MetadataReference/CompilationReference.cs
MetadataReference/Metadata.cs
MetadataReference/MetadataImageKind.cs
MetadataReference/MetadataImageReference.cs
MetadataReference/MetadataReference.cs
MetadataReference/MetadataReferenceProperties.cs
MetadataReference/MetadataReferenceProvider.cs
MetadataReference/ModuleMetadata.cs
MetadataReference/PortableExecutableReference.cs
MetadataReference/ReferenceDirective.cs
MetadataReference/UnresolvedMetadataReference.cs
NonPortable/AssemblyIdentityExtensions.cs
NonPortable/AssemblyMetadata.FromFile.cs
NonPortable/AssemblyPortabilityPolicy.cs
NonPortable/AssemblyVersion.cs
NonPortable/CLRHost/ClrMetaHost.cs
NonPortable/CLRHost/ClrRuntimeInfo.cs
NonPortable/CLRHost/HostingInteropHelper.cs
NonPortable/CLRHost/ICLRMetaHost.cs
NonPortable/CLRHost/ICLRRuntimeInfo.cs
NonPortable/CLRHost/ICLRStrongName.cs
NonPortable/CLRHost/IEnumUnknown.cs
NonPortable/CLRHost/STARTUP_FLAGS.cs
NonPortable/CommandLine/CommandLineAnalyzer.cs
NonPortable/CommandLine/CommandLineReference.cs
NonPortable/CommandLine/CommandLineSourceFile.cs
NonPortable/CommandLine/CommonCommandLineArguments.cs
NonPortable/CommandLine/CommonCommandLineParser.cs
NonPortable/CommandLine/CommonCompiler.cs
NonPortable/CommandLine/CommonCompiler.ExistingReferencesResolver.cs
NonPortable/CommandLine/RuleSet/InvalidRuleSetException.cs
NonPortable/CommandLine/RuleSet/RuleSet.cs
NonPortable/CommandLine/RuleSet/RuleSetInclude.cs
NonPortable/CommandLine/RuleSet/RuleSetProcessor.cs
NonPortable/DesktopAssemblyIdentityComparer.cs
NonPortable/DesktopAssemblyIdentityComparer.Fx.cs
NonPortable/DesktopStrongNameProvider.cs
NonPortable/EncodedStringText.cs
NonPortable/FailFast.cs
NonPortable/FileKey.cs
NonPortable/FileUtilities.cs
NonPortable/IVsSQM.cs
NonPortable/MetadataCache.cs
NonPortable/MetadataFileReference.cs
NonPortable/ModuleMetadata.FromFile.cs
NonPortable/SqmServiceProvider.cs
Optional.cs
OutputKind.cs
PEWriter/AliasForType.cs
PEWriter/BinaryWriter.cs
PEWriter/ClrHeader.cs
PEWriter/Constants.cs
PEWriter/Core.cs
PEWriter/DebugSourceDocument.cs
PEWriter/DeltaPeWriter.cs
PEWriter/DirectoryEntry.cs
PEWriter/ExceptionHandlerRegion.cs
PEWriter/Expressions.cs
PEWriter/FullPeWriter.cs
PEWriter/ICustomAttribute.cs
PEWriter/IFileReference.cs
PEWriter/InheritedTypeParameter.cs
PEWriter/InstructionOperandTypes.cs
PEWriter/IResource.cs
PEWriter/ISymbolWriter.cs
PEWriter/ISymUnmanagedAsyncMethodPropertiesWriter.cs
PEWriter/ManagedResource.cs
PEWriter/MemberRefComparer.cs
PEWriter/Members.cs
PEWriter/MemoryStream.cs
PEWriter/MetadataVisitor.cs
PEWriter/MethodSpecComparer.cs
PEWriter/Miscellaneous.cs
PEWriter/ModifiedTypeReference.cs
PEWriter/NtHeader.cs
PEWriter/PdbMetadataWrapper.cs
PEWriter/PdbWriter.cs
PEWriter/PdbWriterInterface.cs
PEWriter/PeWriter.cs
PEWriter/ReferenceIndexer.cs
PEWriter/ReturnValueParameter.cs
PEWriter/RootModuleType.cs
PEWriter/SectionHeader.cs
PEWriter/SecurityAction.cs
PEWriter/SequencePoint.cs
PEWriter/TempCCIParts.cs
PEWriter/TypeLibTypeFlags.cs
PEWriter/Types.cs
PEWriter/TypeSpecComparer.cs
PEWriter/UnitHelper.cs
PEWriter/Units.cs
PrimitiveTypeCodeExtensions.cs
ReferenceManager/AssemblyData.cs
ReferenceManager/AssemblyDataForAssemblyBeingBuilt.cs
ReferenceManager/AssemblyReferenceBinding.cs
ReferenceManager/AssemblyReferenceCandidate.cs
ReferenceManager/BoundInputAssembly.cs
ReferenceManager/CommonReferenceManager.Binding.cs
ReferenceManager/CommonReferenceManager.Resolution.cs
ReferenceManager/CommonReferenceManager.State.cs
ReferenceManager/Compilation_MetadataCache.cs
ReferenceManager/ModuleReferences.cs
ReferenceManager/UnifiedAssembly.cs
ResourceDescription.cs
ResourceException.cs
Serialization/FixedObjectBinder.cs
Serialization/IObjectReadable.cs
Serialization/IObjectWritable.cs
Serialization/MultiByteEncoding.cs
Serialization/ObjectBinder.cs
Serialization/ObjectReader.cs
Serialization/ObjectReaderData.cs
Serialization/ObjectReaderWriterBase.cs
Serialization/ObjectWriter.cs
Serialization/ObjectWriterData.cs
Serialization/RecordingObjectBinder.cs
Serialization/SerializationInfoExtensions.cs
SignatureComparer.cs
SourceCodeKind.cs
SpecialMember.cs
SpecialMembers.cs
SpecialType.cs
SpecialTypeExtensions.cs
SpecialTypes.cs
StrongNameKeys.cs
StrongNameProvider.cs
SwitchConstantValueHelper.cs
SymbolDisplay/AbstractSymbolDisplayVisitor.cs
SymbolDisplay/AbstractSymbolDisplayVisitor_Minimal.cs
SymbolDisplay/FormattedSymbol.cs
SymbolDisplay/FormattedSymbolList.cs
SymbolDisplay/SymbolDisplayCompilerInternalOptions.cs
SymbolDisplay/SymbolDisplayDelegateStyle.cs
SymbolDisplay/SymbolDisplayExtensionMethodStyle.cs
SymbolDisplay/SymbolDisplayExtensions.cs
SymbolDisplay/SymbolDisplayFormat.cs
SymbolDisplay/SymbolDisplayGenericsOptions.cs
SymbolDisplay/SymbolDisplayGlobalNamespaceStyle.cs
SymbolDisplay/SymbolDisplayKindOptions.cs
SymbolDisplay/SymbolDisplayLocalOptions.cs
SymbolDisplay/SymbolDisplayMemberOptions.cs
SymbolDisplay/SymbolDisplayMiscellaneousOptions.cs
SymbolDisplay/SymbolDisplayParameterOptions.cs
SymbolDisplay/SymbolDisplayPart.cs
SymbolDisplay/SymbolDisplayPartKind.cs
SymbolDisplay/SymbolDisplayPropertyStyle.cs
SymbolDisplay/SymbolDisplayTypeQualificationStyle.cs
Symbols/Accessibility.cs
Symbols/Attributes/AttributeDescription.cs
Symbols/Attributes/AttributeUsageInfo.cs
Symbols/Attributes/CommonAssemblyWellKnownAttributeData.cs
Symbols/Attributes/CommonAttributeData.cs
Symbols/Attributes/CommonAttributeDataComparer.cs
Symbols/Attributes/CommonEventEarlyWellKnownAttributeData.cs
Symbols/Attributes/CommonEventWellKnownAttributeData.cs
Symbols/Attributes/CommonFieldEarlyWellKnownAttributeData.cs
Symbols/Attributes/CommonFieldWellKnownAttributeData.cs
Symbols/Attributes/CommonMethodEarlyWellKnownAttributeData.cs
Symbols/Attributes/CommonMethodWellKnownAttributeData.cs
Symbols/Attributes/CommonModuleWellKnownAttributeData.cs
Symbols/Attributes/CommonParameterEarlyWellKnownAttributeData.cs
Symbols/Attributes/CommonParameterWellKnownAttributeData.cs
Symbols/Attributes/CommonPropertyEarlyWellKnownAttributeData.cs
Symbols/Attributes/CommonPropertyWellKnownAttributeData.cs
Symbols/Attributes/CommonReturnTypeWellKnownAttributeData.cs
Symbols/Attributes/CommonTypeEarlyWellKnownAttributeData.cs
Symbols/Attributes/CommonTypeWellKnownAttributeData.cs
Symbols/Attributes/CustomAttributesBag.cs
Symbols/Attributes/DecodeWellKnownAttributeArguments.cs
Symbols/Attributes/EarlyDecodeWellKnownAttributeArguments.cs
Symbols/Attributes/EarlyWellKnownAttributeData.cs
Symbols/Attributes/IMarshalAsAttributeTarget.cs
Symbols/Attributes/ISecurityAttributeTarget.cs
Symbols/Attributes/MarshalAsAttributeDecoder.cs
Symbols/Attributes/MarshalPseudoCustomAttributeData.cs
Symbols/Attributes/ObsoleteAttributeData.cs
Symbols/Attributes/SecurityWellKnownAttributeData.cs
Symbols/Attributes/WellKnownAttributeData.cs
Symbols/CommonAttributeDataExtensions.cs
Symbols/CustomModifer.cs
Symbols/IAliasSymbol.cs
Symbols/IArrayTypeSymbol.cs
Symbols/IAssemblySymbol.cs
Symbols/IDynamicTypeSymbol.cs
Symbols/IErrorTypeSymbol.cs
Symbols/IEventSymbol.cs
Symbols/IFieldSymbol.cs
Symbols/ILabelSymbol.cs
Symbols/ILocalSymbol.cs
Symbols/IMethodSymbol.cs
Symbols/IModuleSymbol.cs
Symbols/INamedTypeSymbol.cs
Symbols/INamespaceOrTypeSymbol.cs
Symbols/INamespaceSymbol.cs
Symbols/IParameterSymbol.cs
Symbols/IPointerTypeSymbol.cs
Symbols/IPreprocessingSymbol.cs
Symbols/IPropertySymbol.cs
Symbols/IRangeVariableSymbol.cs
Symbols/ISymbol.cs
Symbols/ISymbolExtensions.cs
Symbols/ITypeParameterSymbol.cs
Symbols/ITypeSymbol.cs
Symbols/LanguageNames.cs
Symbols/MethodKind.cs
Symbols/NamespaceKind.cs
Symbols/PlatformInvokeInformation.cs
Symbols/RefKind.cs
Symbols/SymbolKind.cs
Symbols/SymbolKindExtensions.cs
Symbols/SymbolVisitor.cs
Symbols/SymbolVisitor`1.cs
Symbols/TypedConstant.cs
Symbols/TypedConstantKind.cs
Symbols/TypedConstantValue.cs
Symbols/TypeKind.cs
Symbols/TypeLayout.cs
Symbols/TypeParameterKind.cs
Symbols/VarianceKind.cs
Symbols/WellKnownMemberNames.cs
Syntax/AbstractSyntaxNavigator.cs
Syntax/AbstractWarningStateMap.cs
Syntax/AnnotationExtensions.cs
Syntax/ChildSyntaxList.cs
Syntax/ChildSyntaxList.Enumerator.cs
Syntax/ChildSyntaxList.Reversed.cs
Syntax/GreenNode.cs
Syntax/GreenNodeExtensions.cs
Syntax/IStructuredTriviaSyntax.cs
Syntax/LineDirectiveMap.cs
Syntax/LineDirectiveMap.LineMappingEntry.cs
Syntax/LineVisibility.cs
Syntax/SeparatedSyntaxList.cs
Syntax/SeparatedSyntaxList.Enumerator.cs
Syntax/SyntaxAnnotation.cs
Syntax/SyntaxDiffer.cs
Syntax/SyntaxList`1.cs
Syntax/SyntaxList`1.Enumerator.cs
Syntax/SyntaxNode.cs
Syntax/SyntaxNodeExtensions.cs
Syntax/SyntaxNodeExtensions_Tracking.cs
Syntax/SyntaxNodeLocationComparer.cs
Syntax/SyntaxNodeOrToken.cs
Syntax/SyntaxNodeOrTokenList.cs
Syntax/SyntaxReference.cs
Syntax/SyntaxRemoveOptions.cs
Syntax/SyntaxToken.cs
Syntax/SyntaxTokenList.cs
Syntax/SyntaxTokenList.Enumerator.cs
Syntax/SyntaxTokenList.Reversed.cs
Syntax/SyntaxTree.cs
Syntax/SyntaxTreeExtensions.cs
Syntax/SyntaxTrivia.cs
Syntax/SyntaxTriviaList.cs
Syntax/SyntaxTriviaList.Enumerator.cs
Syntax/SyntaxTriviaList.Reversed.cs
Syntax/SyntaxWalker.cs
Syntax/SyntaxWalkerDepth.cs
Text/ChangedText.cs
Text/CompositeText.cs
Text/LinePosition.cs
Text/LinePositionSpan.cs
Text/SourceText.cs
Text/SourceTextContainer.cs
Text/StringBuilderText.cs
Text/StringText.cs
Text/SubText.cs
Text/TextChange.cs
Text/TextChangeEventArgs.cs
Text/TextChangeRange.cs
Text/TextLine.cs
Text/TextLineCollection.cs
Text/TextSpan.cs
Text/TextUtilities.cs
TreeDumper.cs
VbStringDisplay.cs
VersionHelper.cs
WellKnownMember.cs
WellKnownMembers.cs
WellKnownTypes.cs
Xml/XmlCharType.cs